CREATE EXTENSION pg_climb version '0.1';
 
SELECT EXISTS (
    SELECT 1 FROM pg_type WHERE typname = 'grade'
);
 exists 
--------
 t
(1 row)

SELECT grade_out('V5'::grade);
 grade_out 
-----------
 V5
(1 row)

-- invalid grade because only one type can be specified
CREATE TABLE grades_1(grade grade(verm,font));
ERROR:  typmod array must contain exactly one value
LINE 1: CREATE TABLE grades_1(grade grade(verm,font));
                                    ^
-- invalid because "nope" isn't a grade type
CREATE TABLE grades_2(grade grade(nope));
ERROR:  parameter value not a valid typmod
LINE 1: CREATE TABLE grades_2(grade grade(nope));
                                    ^
